// Jest Snapshot v1, https://goo.gl/fbAQLP

exports[`render correctly Navbar Component 1`] = `
<nav
  className="navbar navbar-expand-lg navbar-light bg-light"
>
  <div
    className="container"
  >
    <a
      className="navbar-brand"
      href="/"
      onClick={[Function]}
    >
      <img
        alt="icon"
        className="d-inline-block align-top"
        height="30"
        src="icon-black.png"
        width="30"
      />
        
      Homy's car
    </a>
    <button
      aria-controls="navbarNavAltMarkup"
      aria-expanded="false"
      aria-label="Toggle navigation"
      className="navbar-toggler"
      data-target="#navbarNavAltMarkup"
      data-toggle="collapse"
      type="button"
    >
      <span
        className="navbar-toggler-icon"
      />
    </button>
    <div
      className="collapse navbar-collapse"
      id="navbarNavAltMarkup"
    >
      <div
        className="navbar-nav ml-auto"
      >
        <a
          className="nav-item nav-link active"
          href="/"
          onClick={[Function]}
        >
          HOME 
          <span
            className="sr-only"
          >
            (current)
          </span>
        </a>
        <h2
          className="d-none d-lg-block my-h2"
        >
            /  
        </h2>
        <a
          className="nav-item nav-link"
          href="/about"
          onClick={[Function]}
        >
          ABOUT
        </a>
        <h2
          className="d-none d-lg-block my-h2"
        >
            /  
        </h2>
        <a
          className="nav-item nav-link"
          href="/signin"
          onClick={[Function]}
        >
          SIGN IN
        </a>
        <h2
          className="d-none d-lg-block my-h2"
        >
            /  
        </h2>
        <a
          className="nav-item nav-link"
          href="/signup"
          onClick={[Function]}
        >
          SIGN UP
        </a>
      </div>
    </div>
  </div>
</nav>
`;
