// Jest Snapshot v1, https://goo.gl/fbAQLP

exports[`render User page correctly 1`] = `
<a
  href="/user"
  onClick={[Function]}
/>
`;
